  <div ng-repeat="article in articles">
    <a href="{{ article.web_url }}">{{ article.headline.main }}</a>
  </div>
