<html>
  <head>
    <title>NYTimes API Demo</title>
  </head>
  <body>
   <a href="/search">Search</a><br>
  </body>
</html>
