<div>


  <div ng-include="'like.html'" ng-init="checkLikeExists()"></div>


</div>
