<div>


  <div ng-include="'media-list.html'" ng-init="listMedia()"></div>


</div>
