<div>


  <div ng-include="'playlist-list.html'" ng-init="listPlaylists()"></div>


</div>
