<html>
<head>
  <title>
    Sort By Oldest
  </title>
  <link rel="stylesheet" href="bower/bootstrap/dist/css/bootstrap.min.css">
  <link rel="stylesheet" href="css/styles.css">
  <script src="bower/jquery/dist/jquery.js"></script>
  <script src="bower/angular/angular.min.js"></script>
  <script src="js/app.js"></script>
    <script src="js/article-list.js"></script>
  <script src="js/sort-by-oldest.js"></script>
</head>
<body ng-app="app">
  <div ng-include="'header.html'"></div>

  <div class="container">

  </div>
  <div ng-include="'article-list.html'" ng-controller="sortByOldestController" ng-init="loadData()"></div>

  <div ng-include="'footer.html'"></div>
</body>
</html>
