{
  "name": "Kaltura API Demo",
  "description": "A demo of the Kaltura API",
  "repository": "http://github.com/fake-user/some-repo",
  "logo": "http://node-js-sample.herokuapp.com/node.svg",
  "keywords": ["node", "express", "static"]
}
